###############################################################################
#                                                                             #
# IAR ELF Linker V6.30.1.53127/W32 for ARM              02/Jun/2013  14:47:47 #
# Copyright 2007-2011 IAR Systems AB.                                         #
#                                                                             #
#    Output file  =  C:\Users\Administrator\Desktop\0602\bin\Ram\Exe\saonian_ #
#                    GO.out                                                   #
#    Map file     =  C:\Users\Administrator\Desktop\0602\bin\Ram\List\saonian #
#                    _GO.map                                                  #
#    Command line =  C:\Users\Administrator\Desktop\0602\bin\Ram\Obj\LQ12864. #
#                    o C:\Users\Administrator\Desktop\0602\bin\Ram\Obj\common #
#                    .o C:\Users\Administrator\Desktop\0602\bin\Ram\Obj\crt0. #
#                    o C:\Users\Administrator\Desktop\0602\bin\Ram\Obj\gpio.o #
#                     C:\Users\Administrator\Desktop\0602\bin\Ram\Obj\isr.o   #
#                    C:\Users\Administrator\Desktop\0602\bin\Ram\Obj\light.o  #
#                    C:\Users\Administrator\Desktop\0602\bin\Ram\Obj\main.o   #
#                    C:\Users\Administrator\Desktop\0602\bin\Ram\Obj\start.o  #
#                    C:\Users\Administrator\Desktop\0602\bin\Ram\Obj\sysinit. #
#                    o C:\Users\Administrator\Desktop\0602\bin\Ram\Obj\uart.o #
#                     C:\Users\Administrator\Desktop\0602\bin\Ram\Obj\vectors #
#                    .o C:\Users\Administrator\Desktop\0602\bin\Ram\Obj\wdog. #
#                    o --redirect _Printf=_PrintfFull --redirect              #
#                    _Scanf=_ScanfFull -o C:\Users\Administrator\Desktop\0602 #
#                    \bin\Ram\Exe\saonian_GO.out --map                        #
#                    C:\Users\Administrator\Desktop\0602\bin\Ram\List\saonian #
#                    _GO.map --config C:\Users\Administrator\Desktop\0602\src #
#                    \Project_Settings\Link\Ram.icf --semihosting --entry     #
#                    __iar_program_start --vfe                                #
#                                                                             #
#                                                                             #
###############################################################################

*******************************************************************************
*** RUNTIME MODEL ATTRIBUTES
***

CppFlavor       = *
__SystemLibrary = DLib


*******************************************************************************
*** PLACEMENT SUMMARY
***

"A1":  place at 0x1fff0000 { ro section .intvec };
"A2":  place at 0x1fff0410 { ro section .noinit };
"P1":  place in [from 0x1fff0000 to 0x20010000] { ro, block CodeRelocate };
"P2":  place in [from 0x1fff0000 to 0x20010000] {
          rw, block CodeRelocateRam, block CSTACK, block HEAP };

  Section              Kind        Address    Size  Object
  -------              ----        -------    ----  ------
"A1":                                        0x410
  .intvec              const    0x1fff0000   0x410  vectors.o [1]
                              - 0x1fff0410   0x410

"A2":                                         0x3c
  .noinit              ro code  0x1fff0410    0x3c  crt0.o [1]
                              - 0x1fff044c    0x3c

"P1":                                       0xbfd8
  .text                ro code  0x1fff044c  0xafc0  main.o [1]
  .text                ro code  0x1fffb40c    0xc0  gpio.o [1]
  .text                ro code  0x1fffb4cc   0x5fe  LQ12864.o [1]
  .text                ro code  0x1fffbaca    0x22  zero_init3.o [4]
  .text                ro code  0x1fffbaec   0x118  common.o [1]
  .text                ro code  0x1fffbc04     0x6  ABImemclr4.o [4]
  .text                ro code  0x1fffbc0a     0x2  vectors.o [1]
  .text                ro code  0x1fffbc0c    0x56  ABImemcpy.o [4]
  .text                ro code  0x1fffbc64    0x32  ABImemset48.o [4]
  .rodata              const    0x1fffbc98   0x228  LQ12864.o [1]
  .text                ro code  0x1fffbec0   0x1ac  sysinit.o [1]
  .rodata              const    0x1fffc06c    0xdc  main.o [1]
  .text                ro code  0x1fffc148    0xb0  start.o [1]
  .text                ro code  0x1fffc1f8    0x38  wdog.o [1]
  CodeRelocate                  0x1fffc230    0x4c  <Block>
    Initializer bytes  ro data  0x1fffc230    0x4c  <for CodeRelocateRam-1>
  .data_init                    0x1fffc27c    0x48  <Block>
    Initializer bytes  ro data  0x1fffc27c    0x48  <for .data-1>
  .rodata              const    0x1fffc2c4    0x3c  main.o [1]
  .text                ro code  0x1fffc300    0x2c  data_init3.o [4]
  .iar.init_table      const    0x1fffc32c    0x10  - Linker created -
  .text                ro code  0x1fffc33c    0x16  cmain.o [4]
  .text                ro code  0x1fffc352     0x4  low_level_init.o [3]
  .text                ro code  0x1fffc356     0x4  exit.o [3]
  .text                ro code  0x1fffc35c     0xa  cexit.o [4]
  .text                ro code  0x1fffc368    0x14  exit.o [5]
  .rodata              const    0x1fffc37c    0x14  main.o [1]
  .rodata              const    0x1fffc390    0x10  main.o [1]
  .rodata              const    0x1fffc3a0    0x10  main.o [1]
  .rodata              const    0x1fffc3b0    0x10  main.o [1]
  .rodata              const    0x1fffc3c0     0xc  main.o [1]
  .rodata              const    0x1fffc3cc     0xc  main.o [1]
  .text                ro code  0x1fffc3d8     0xc  cstartup_M.o [4]
  .rodata              const    0x1fffc3e4     0x8  main.o [1]
  .rodata              const    0x1fffc3ec     0x8  main.o [1]
  .rodata              const    0x1fffc3f4     0x8  main.o [1]
  .rodata              const    0x1fffc3fc     0x8  main.o [1]
  .rodata              const    0x1fffc404     0x8  main.o [1]
  .rodata              const    0x1fffc40c     0x8  main.o [1]
  .rodata              const    0x1fffc414     0x8  main.o [1]
  .rodata              const    0x1fffc41c     0x8  main.o [1]
  .rodata              const    0x1fffc424     0x0  bwt_init3c.o [4]
                              - 0x1fffc424  0xbfd8

"P2", part 1 of 2:                            0x94
  CodeRelocateRam               0x1fffc424    0x4c  <Block>
    CodeRelocateRam-1           0x1fffc424    0x4c  <Init block>
      .textrw          inited   0x1fffc424    0x4c  sysinit.o [1]
  .data                         0x1fffc470    0x48  <Block>
    .data-1                     0x1fffc470    0x46  <Init block>
      .data            inited   0x1fffc470    0x10  main.o [1]
      .data            inited   0x1fffc480     0x1  main.o [1]
      .data            inited   0x1fffc482     0x2  main.o [1]
      .data            inited   0x1fffc484     0x2  main.o [1]
      .data            inited   0x1fffc486     0x2  main.o [1]
      .data            inited   0x1fffc488    0x20  main.o [1]
      .data            inited   0x1fffc4a8     0x2  main.o [1]
      .data            inited   0x1fffc4aa     0x1  main.o [1]
      .data            inited   0x1fffc4ab     0x1  main.o [1]
      .data            inited   0x1fffc4ac     0x1  main.o [1]
      .data            inited   0x1fffc4ad     0x1  main.o [1]
      .data            inited   0x1fffc4ae     0x1  main.o [1]
      .data            inited   0x1fffc4af     0x1  main.o [1]
      .data            inited   0x1fffc4b0     0x1  main.o [1]
      .data            inited   0x1fffc4b1     0x1  main.o [1]
      .data            inited   0x1fffc4b2     0x1  main.o [1]
      .data            inited   0x1fffc4b3     0x1  main.o [1]
      .data            inited   0x1fffc4b4     0x1  main.o [1]
      .data            inited   0x1fffc4b5     0x1  main.o [1]
                              - 0x1fffc4b8    0x94

"P2", part 2 of 2:                          0x268e
  .bss                          0x1fffc4b8  0x268e  <Block>
    .bss               zero     0x1fffc4b8    0x44  main.o [1]
    .bss               zero     0x1fffc4fc     0x4  main.o [1]
    .bss               zero     0x1fffc500     0x4  main.o [1]
    .bss               zero     0x1fffc504  0x2260  main.o [1]
    .bss               zero     0x1fffe764    0x70  main.o [1]
    .bss               zero     0x1fffe7d4    0x70  main.o [1]
    .bss               zero     0x1fffe844    0x38  main.o [1]
    .bss               zero     0x1fffe87c    0x68  main.o [1]
    .bss               zero     0x1fffe8e4    0x7c  main.o [1]
    .bss               zero     0x1fffe960    0x54  main.o [1]
    .bss               zero     0x1fffe9b4    0x90  main.o [1]
    .bss               zero     0x1fffea44     0x4  main.o [1]
    .bss               zero     0x1fffea48    0x38  main.o [1]
    .bss               zero     0x1fffea80     0x8  main.o [1]
    .bss               zero     0x1fffea88     0x8  main.o [1]
    .bss               zero     0x1fffea90     0x4  main.o [1]
    .bss               zero     0x1fffea94     0x8  main.o [1]
    .bss               zero     0x1fffea9c    0x3c  main.o [1]
    .bss               zero     0x1fffead8     0x4  sysinit.o [1]
    .bss               zero     0x1fffeadc     0x4  sysinit.o [1]
    .bss               zero     0x1fffeae0     0x4  sysinit.o [1]
    .bss               zero     0x1fffeae4     0x2  main.o [1]
    .bss               zero     0x1fffeae6     0x2  main.o [1]
    .bss               zero     0x1fffeae8     0x2  main.o [1]
    .bss               zero     0x1fffeaea     0x2  main.o [1]
    .bss               zero     0x1fffeaec     0x2  main.o [1]
    .bss               zero     0x1fffeaee     0x2  main.o [1]
    .bss               zero     0x1fffeaf0     0x2  main.o [1]
    .bss               zero     0x1fffeaf2     0x2  main.o [1]
    .bss               zero     0x1fffeaf4     0x2  main.o [1]
    .bss               zero     0x1fffeaf6     0x2  main.o [1]
    .bss               zero     0x1fffeaf8     0x2  main.o [1]
    .bss               zero     0x1fffeafa     0x2  main.o [1]
    .bss               zero     0x1fffeafc     0x2  main.o [1]
    .bss               zero     0x1fffeafe     0x2  main.o [1]
    .bss               zero     0x1fffeb00     0x2  main.o [1]
    .bss               zero     0x1fffeb02     0x2  main.o [1]
    .bss               zero     0x1fffeb04     0x2  main.o [1]
    .bss               zero     0x1fffeb06     0x2  main.o [1]
    .bss               zero     0x1fffeb08     0x2  main.o [1]
    .bss               zero     0x1fffeb0a     0x2  main.o [1]
    .bss               zero     0x1fffeb0c     0x2  main.o [1]
    .bss               zero     0x1fffeb0e     0x2  main.o [1]
    .bss               zero     0x1fffeb10     0x2  main.o [1]
    .bss               zero     0x1fffeb12     0x2  main.o [1]
    .bss               zero     0x1fffeb14     0x2  main.o [1]
    .bss               zero     0x1fffeb16     0x2  main.o [1]
    .bss               zero     0x1fffeb18     0x2  main.o [1]
    .bss               zero     0x1fffeb1a     0x2  main.o [1]
    .bss               zero     0x1fffeb1c     0x2  main.o [1]
    .bss               zero     0x1fffeb1e     0x2  main.o [1]
    .bss               zero     0x1fffeb20     0x2  main.o [1]
    .bss               zero     0x1fffeb22     0x2  main.o [1]
    .bss               zero     0x1fffeb24     0x2  main.o [1]
    .bss               zero     0x1fffeb26     0x2  main.o [1]
    .bss               zero     0x1fffeb28     0x2  main.o [1]
    .bss               zero     0x1fffeb2a     0x2  main.o [1]
    .bss               zero     0x1fffeb2c     0x2  main.o [1]
    .bss               zero     0x1fffeb2e     0x2  main.o [1]
    .bss               zero     0x1fffeb30     0x2  main.o [1]
    .bss               zero     0x1fffeb32     0x1  main.o [1]
    .bss               zero     0x1fffeb33     0x1  main.o [1]
    .bss               zero     0x1fffeb34     0x1  main.o [1]
    .bss               zero     0x1fffeb35     0x1  main.o [1]
    .bss               zero     0x1fffeb36     0x1  main.o [1]
    .bss               zero     0x1fffeb37     0x1  main.o [1]
    .bss               zero     0x1fffeb38     0x1  main.o [1]
    .bss               zero     0x1fffeb39     0x1  main.o [1]
    .bss               zero     0x1fffeb3a     0x1  main.o [1]
    .bss               zero     0x1fffeb3b     0x1  main.o [1]
    .bss               zero     0x1fffeb3c     0x1  main.o [1]
    .bss               zero     0x1fffeb3d     0x1  main.o [1]
    .bss               zero     0x1fffeb3e     0x1  main.o [1]
    .bss               zero     0x1fffeb3f     0x1  main.o [1]
    .bss               zero     0x1fffeb40     0x1  main.o [1]
    .bss               zero     0x1fffeb41     0x1  main.o [1]
    .bss               zero     0x1fffeb42     0x1  main.o [1]
    .bss               zero     0x1fffeb43     0x1  main.o [1]
    .bss               zero     0x1fffeb44     0x1  main.o [1]
    .bss               zero     0x1fffeb45     0x1  main.o [1]
                              - 0x1fffeb46  0x268e


*******************************************************************************
*** INIT TABLE
***

          Address     Size
          -------     ----
Zero (__iar_zero_init3)
    1 destination range, total size 0x268e:
          0x1fffc4b8  0x268e



*******************************************************************************
*** MODULE SUMMARY
***

    Module            ro code  rw code  ro data  rw data
    ------            -------  -------  -------  -------
C:\Users\Administrator\Desktop\0602\bin\Ram\Obj: [1]
    LQ12864.o           1 534               552
    common.o              280
    crt0.o                 60
    gpio.o                192
    main.o             44 992               506    9 927
    start.o               176
    sysinit.o             428       76       76       12
    vectors.o               2             1 040
    wdog.o                 56
    ----------------------------------------------------
    Total:             47 720       76    2 174    9 939

command line: [2]
    ----------------------------------------------------
    Total:

dl7M_tln.a: [3]
    exit.o                  4
    low_level_init.o        4
    ----------------------------------------------------
    Total:                  8

rt7M_tl.a: [4]
    ABImemclr4.o            6
    ABImemcpy.o            86
    ABImemset48.o          50
    bwt_init3c.o
    cexit.o                10
    cmain.o                22
    cstartup_M.o           12
    data_init3.o           44
    zero_init3.o           34
    ----------------------------------------------------
    Total:                264

shb_l.a: [5]
    exit.o                 20
    ----------------------------------------------------
    Total:                 20

    Gaps                    6                 2        3
    Linker created                           18
--------------------------------------------------------
    Grand Total:       48 018       76    2 194    9 942


*******************************************************************************
*** ENTRY LIST
***

Entry                      Address    Size  Type      Object
-----                      -------    ----  ----      ------
.bss$$Base              0x1fffc4b8           --   Gb  - Linker created -
.bss$$Limit             0x1fffeb46           --   Gb  - Linker created -
.data$$Base             0x1fffc470           --   Gb  - Linker created -
.data$$Limit            0x1fffc4b8           --   Gb  - Linker created -
.data_init$$Base        0x1fffc27c           --   Gb  - Linker created -
.data_init$$Limit       0x1fffc2c4           --   Gb  - Linker created -
?main                   0x1fffc33d          Code  Gb  cmain.o [4]
BW                      0x1fffe87c    0x68  Data  Gb  main.o [1]
BW2                     0x1fffe8e4    0x7c  Data  Gb  main.o [1]
BW3                     0x1fffe960    0x54  Data  Gb  main.o [1]
BW4                     0x1fffe9b4    0x90  Data  Gb  main.o [1]
BW_filter               0x1fff1a9d    0xd6  Code  Gb  main.o [1]
CH451_GetKeyValue       0x1fff04a3    0xcc  Code  Gb  main.o [1]
CH451_WriteCommand      0x1fff044d    0x56  Code  Gb  main.o [1]
CH451_ini               0x1fff056f    0x38  Code  Gb  main.o [1]
Car_Speed               0x1fff0c29    0xa6  Code  Gb  main.o [1]
CodeRelocate$$Base      0x1fffc230           --   Gb  - Linker created -
CodeRelocate$$Limit     0x1fffc27c           --   Gb  - Linker created -
CodeRelocateRam$$Base   0x1fffc424           --   Gb  - Linker created -
CodeRelocateRam$$Limit  0x1fffc470           --   Gb  - Linker created -
DMA0_Init               0x1fff1261    0xa6  Code  Gb  main.o [1]
DMA_CHO_ISR             0x1fff13cd    0x32  Code  Gb  main.o [1]
D_High                  0x1fffc4ab     0x1  Data  Gb  main.o [1]
D_Low                   0x1fffc4b3     0x1  Data  Gb  main.o [1]
D_Mid                   0x1fffc4af     0x1  Data  Gb  main.o [1]
Duo_Ji_PD               0x1fff0a41   0x1d4  Code  Gb  main.o [1]
END_0                   0x1fffeb10     0x2  Data  Gb  main.o [1]
END_Line                0x1fffeb22     0x2  Data  Gb  main.o [1]
END_Line_2              0x1fffeb36     0x1  Data  Gb  main.o [1]
F6x8                    0x1fffbc98   0x228  Data  Gb  LQ12864.o [1]
FTM2_QUAD_Init          0x1fff1029    0xa0  Code  Gb  main.o [1]
GetKeyValue             0x1fffeb32     0x1  Data  Gb  main.o [1]
H_High                  0x1fffc4ac     0x1  Data  Gb  main.o [1]
H_Low                   0x1fffc4b4     0x1  Data  Gb  main.o [1]
H_Mid                   0x1fffc4b0     0x1  Data  Gb  main.o [1]
High_Wu                 0x1fff07c1   0x13a  Code  Gb  main.o [1]
High_You                0x1fff0687   0x13a  Code  Gb  main.o [1]
IO_Init                 0x1fff10d9    0xe0  Code  Gb  main.o [1]
JIANPAN_ini             0x1fff05a7    0x64  Code  Gb  main.o [1]
KeyCode                 0x1fffc470    0x10  Data  Gb  main.o [1]
KeyValue                0x1fffc480     0x1  Data  Gb  main.o [1]
LCD_CLS                 0x1fffb62f    0x38  Code  Gb  LQ12864.o [1]
LCD_CLS2                0x1fffbaa1    0x2a  Code  Gb  LQ12864.o [1]
LCD_DLY_ms              0x1fffb667    0x1a  Code  Gb  LQ12864.o [1]
LCD_Fill                0x1fffb5f3    0x3c  Code  Gb  LQ12864.o [1]
LCD_Init                0x1fffb681   0x120  Code  Gb  LQ12864.o [1]
LCD_P1                  0x1fffeb37     0x1  Data  Gb  main.o [1]
LCD_P3                  0x1fffeb38     0x1  Data  Gb  main.o [1]
LCD_P6x8Str             0x1fffb7f1    0x7a  Code  Gb  LQ12864.o [1]
LCD_P6x8Str_1           0x1fffba0d    0x74  Code  Gb  LQ12864.o [1]
LCD_P6x8Str_3           0x1fffb86b    0xb0  Code  Gb  LQ12864.o [1]
LCD_P6x8Str_FuHao_3     0x1fffb91b    0xf2  Code  Gb  LQ12864.o [1]
LCD_PutPixel            0x1fffb7a1    0x50  Code  Gb  LQ12864.o [1]
LCD_Set_Pos             0x1fffb5c7    0x2c  Code  Gb  LQ12864.o [1]
LCD_WrCmd               0x1fffb54d    0x7a  Code  Gb  LQ12864.o [1]
LCD_WrDat               0x1fffb4cd    0x7e  Code  Gb  LQ12864.o [1]
LianJie                 0x1fff1715    0x8c  Code  Gb  main.o [1]
LianJie_center          0x1fff1b79    0x68  Code  Gb  main.o [1]
Mid_Wu                  0x1fff08fb   0x13a  Code  Gb  main.o [1]
Motor                   0x1fffea88     0x8  Data  Gb  main.o [1]
Motor_control           0x1fff5293    0xd2  Code  Gb  main.o [1]
P_High                  0x1fffc4aa     0x1  Data  Gb  main.o [1]
P_Low                   0x1fffc4b2     0x1  Data  Gb  main.o [1]
P_Mid                   0x1fffc4ae     0x1  Data  Gb  main.o [1]
P_timer                 0x1fffc4fc     0x4  Data  Gb  main.o [1]
Region$$Table$$Base     0x1fffc32c           --   Gb  - Linker created -
Region$$Table$$Limit    0x1fffc33c           --   Gb  - Linker created -
Servo                   0x1fffea80     0x8  Data  Gb  main.o [1]
Servo_Left              0x1fffc484     0x2  Data  Gb  main.o [1]
Servo_Middle            0x1fffc482     0x2  Data  Gb  main.o [1]
Servo_Right             0x1fffc486     0x2  Data  Gb  main.o [1]
Servo_value             0x1fffeb02     0x2  Data  Gb  main.o [1]
Servo_value_old         0x1fffc4a8     0x2  Data  Gb  main.o [1]
Start_Detection         0x1fff17cd    0x8e  Code  Gb  main.o [1]
Start_Detection_2       0x1fff1889    0x8e  Code  Gb  main.o [1]
Start_Detection_3       0x1fff1925    0x8e  Code  Gb  main.o [1]
Start_Detection_4       0x1fff19c9    0x8e  Code  Gb  main.o [1]
Start_Line              0x1fff1c91   0x31a  Code  Gb  main.o [1]
T_High                  0x1fffc4ad     0x1  Data  Gb  main.o [1]
T_Low                   0x1fffc4b5     0x1  Data  Gb  main.o [1]
T_Mid                   0x1fffc4b1     0x1  Data  Gb  main.o [1]
UART0_Init              0x1fff11c1    0x98  Code  Gb  main.o [1]
Very_straight           0x1fffeb34     0x1  Data  Gb  main.o [1]
X_LineBend              0x1fff6ccf    0xf8  Code  Gb  main.o [1]
__BOOT_STACK_ADDRESS {Abs}
                        0x2000fff8           --   Gb  command line/config [2]
__VECTOR_RAM {Abs}      0x1fff0000           --   Gb  command line/config [2]
__VECTOR_TABLE {Abs}    0x1fff0000           --   Gb  command line/config [2]
__aeabi_memclr4         0x1fffbc05          Code  Gb  ABImemclr4.o [4]
__aeabi_memcpy4         0x1fffbc0d          Code  Gb  ABImemcpy.o [4]
__aeabi_memcpy8         0x1fffbc0d          Code  Gb  ABImemcpy.o [4]
__cmain                 0x1fffc33d          Code  Gb  cmain.o [4]
__exit                  0x1fffc369    0x14  Code  Gb  exit.o [5]
__iar_Memset4_word      0x1fffbc65          Code  Gb  ABImemset48.o [4]
__iar_Memset8_word      0x1fffbc65          Code  Gb  ABImemset48.o [4]
__iar_SB                0x1fffc424          Data  Gb  bwt_init3c.o [4]
__iar_data_init3        0x1fffc301    0x2c  Code  Gb  data_init3.o [4]
__iar_program_start     0x1fffc3d9          Code  Gb  cstartup_M.o [4]
__iar_zero_init3        0x1fffbacb    0x22  Code  Gb  zero_init3.o [4]
__low_level_init        0x1fffc353     0x4  Code  Gb  low_level_init.o [3]
__startup               0x1fff0411          Code  Gb  crt0.o [1]
__vector_table          0x1fff0000   0x410  Data  Gb  vectors.o [1]
_call_main              0x1fffc349          Code  Gb  cmain.o [4]
_exit                   0x1fffc35d          Code  Gb  cexit.o [4]
_main                   0x1fffc34f          Code  Gb  cmain.o [4]
abs                     0x1fff1599    0x12  Code  Gb  main.o [1]
bianyan                 0x1fffe764    0x70  Data  Gb  main.o [1]
bianyan2                0x1fffe7d4    0x70  Data  Gb  main.o [1]
bitdata                 0x1fffc4b8    0x44  Data  Gb  main.o [1]
bitnum                  0x1fffeae8     0x2  Data  Gb  main.o [1]
car_speed               0x1fffeb40     0x1  Data  Gb  main.o [1]
center                  0x1fffe844    0x38  Data  Gb  main.o [1]
center_filter           0x1fff1be9    0x74  Code  Gb  main.o [1]
choose_PD               0x1fff3099  0x1d1c  Code  Gb  main.o [1]
common_startup          0x1fffc15d    0x74  Code  Gb  start.o [1]
core_clk_khz            0x1fffead8     0x4  Data  Gb  sysinit.o [1]
core_clk_mhz            0x1fffeadc     0x4  Data  Gb  sysinit.o [1]
data_table              0x1fffc06c    0xdc  Data  Gb  main.o [1]
default_isr             0x1fffbc0b     0x2  Code  Gb  vectors.o [1]
delays                  0x1fff1565    0x34  Code  Gb  main.o [1]
disable_irq             0x1fffbb83    0x5a  Code  Gb  common.o [1]
enable_irq              0x1fffbaf3    0x90  Code  Gb  common.o [1]
enable_pit_interrupt    0x1fff137d    0x50  Code  Gb  main.o [1]
exit                    0x1fffc357     0x4  Code  Gb  exit.o [3]
fb_clk_init             0x1fffbf1f    0x16  Code  Gb  sysinit.o [1]
find_bianyan            0x1fff6ded  0x3818  Code  Gb  main.o [1]
finish                  0x1fffeb39     0x1  Data  Gb  main.o [1]
gpio_Get                0x1fffb4c3     0xa  Code  Gb  gpio.o [1]
gpio_ctrl               0x1fffb4a1    0x22  Code  Gb  gpio.o [1]
gpio_init               0x1fffb40d    0x7a  Code  Gb  gpio.o [1]
high                    0x1fffeaf8     0x2  Data  Gb  main.o [1]
high_0                  0x1fffeaf2     0x2  Data  Gb  main.o [1]
high_now                0x1fffeb08     0x2  Data  Gb  main.o [1]
high_now_0              0x1fffeb0e     0x2  Data  Gb  main.o [1]
hw_FTM0_init            0x1fff0eb1   0x174  Code  Gb  main.o [1]
hw_FTM1_init            0x1fff0da5    0xf6  Code  Gb  main.o [1]
hw_pit_init             0x1fff1307    0x74  Code  Gb  main.o [1]
imagerow                0x1fffea44     0x4  Data  Gb  main.o [1]
ir_deal                 0x1fff060b    0x7c  Code  Gb  main.o [1]
judage_xuxian           0x1fff5851    0xb0  Code  Gb  main.o [1]
judge_locus_0           0x1fff4de7   0x37a  Code  Gb  main.o [1]
limit                   0x1fff15ab    0x18  Code  Gb  main.o [1]
line                    0x1fff2e4d    0x5e  Code  Gb  main.o [1]
low                     0x1fffeaf4     0x2  Data  Gb  main.o [1]
low_0                   0x1fffeaee     0x2  Data  Gb  main.o [1]
low_now                 0x1fffeb04     0x2  Data  Gb  main.o [1]
low_now_0               0x1fffeb0a     0x2  Data  Gb  main.o [1]
main                    0x1fffa621   0xce6  Code  Gb  main.o [1]
max                     0x1fff15c3    0x12  Code  Gb  main.o [1]
mid                     0x1fffeaf6     0x2  Data  Gb  main.o [1]
mid_0                   0x1fffeaf0     0x2  Data  Gb  main.o [1]
mid_now                 0x1fffeb06     0x2  Data  Gb  main.o [1]
mid_now_0               0x1fffeb0c     0x2  Data  Gb  main.o [1]
min                     0x1fff15d5    0x12  Code  Gb  main.o [1]
mo_hu                   0x1fffc488    0x20  Data  Gb  main.o [1]
motor_fuzzy             0x1fff22a1   0x60a  Code  Gb  main.o [1]
periph_clk_khz          0x1fffeae0     0x4  Data  Gb  sysinit.o [1]
pit0_isr                0x1fff1519    0x2e  Code  Gb  main.o [1]
pit1_isr                0x1fff14d1    0x28  Code  Gb  main.o [1]
pll_init                0x1fffbf35    0xf6  Code  Gb  sysinit.o [1]
pllinit180M             0x1fff0cd9    0xc6  Code  Gb  main.o [1]
porta_isr               0x1fff1405    0x38  Code  Gb  main.o [1]
portb_isr               0x1fff1445    0x86  Code  Gb  main.o [1]
portc_isr               0x1fff14fd    0x1c  Code  Gb  main.o [1]
position_diff           0x1fffeafe     0x2  Data  Gb  main.o [1]
position_now            0x1fffeafc     0x2  Data  Gb  main.o [1]
position_now_low        0x1fffeb00     0x2  Data  Gb  main.o [1]
pulse                   0x1fffeaec     0x2  Data  Gb  main.o [1]
ramp_flag               0x1fffeb35     0x1  Data  Gb  main.o [1]
receive_flag            0x1fffeaea     0x2  Data  Gb  main.o [1]
row                     0x1fffc500     0x4  Data  Gb  main.o [1]
row_F                   0x1fffea48    0x38  Data  Gb  main.o [1]
s_old                   0x1fffeb20     0x2  Data  Gb  main.o [1]
sai_dao_lei_xing        0x1fffeb3f     0x1  Data  Gb  main.o [1]
servo                   0x1fffea90     0x4  Data  Gb  main.o [1]
set_speed               0x1fff15e7    0x3c  Code  Gb  main.o [1]
set_sys_dividers        0x1fffc425    0x4c  Code  Gb  sysinit.o [1]
speed_Very_straight     0x1fffeb12     0x2  Data  Gb  main.o [1]
speed_b                 0x1fffeb16     0x2  Data  Gb  main.o [1]
speed_control           0x1fff5165   0x12e  Code  Gb  main.o [1]
speed_fuzzy             0x1fff28d5   0x578  Code  Gb  main.o [1]
speed_m                 0x1fffeb18     0x2  Data  Gb  main.o [1]
speed_ms                0x1fffeb1c     0x2  Data  Gb  main.o [1]
speed_now               0x1fffeb1e     0x2  Data  Gb  main.o [1]
speed_s                 0x1fffeb1a     0x2  Data  Gb  main.o [1]
speed_top               0x1fffeb14     0x2  Data  Gb  main.o [1]
stages3                 0x1fff4db5    0x32  Code  Gb  main.o [1]
stages_D                0x1fff2ff9    0x9e  Code  Gb  main.o [1]
stages_P                0x1fff2ec9    0xc8  Code  Gb  main.o [1]
stages_low_P            0x1fff2f91    0x68  Code  Gb  main.o [1]
start                   0x1fffc149    0x14  Code  Gb  start.o [1]
start_18_25_2           0x1fffeb42     0x1  Data  Gb  main.o [1]
start_25_35_2           0x1fffeb43     0x1  Data  Gb  main.o [1]
start_35_45_2           0x1fffeb44     0x1  Data  Gb  main.o [1]
start_45_55_2           0x1fffeb45     0x1  Data  Gb  main.o [1]
start_line2             0x1fffeb41     0x1  Data  Gb  main.o [1]
start_xian              0x1fffeb33     0x1  Data  Gb  main.o [1]
startflag               0x1fffeae6     0x2  Data  Gb  main.o [1]
sub                     0x1fffea94     0x8  Data  Gb  main.o [1]
sub_e                   0x1fff217d   0x108  Code  Gb  main.o [1]
subjection_k            0x1fff1623    0x28  Code  Gb  main.o [1]
sysinit                 0x1fffbec1    0x48  Code  Gb  sysinit.o [1]
threshold               0x1fff5365   0x470  Code  Gb  main.o [1]
timer                   0x1fffeae4     0x2  Data  Gb  main.o [1]
topline                 0x1fffeafa     0x2  Data  Gb  main.o [1]
trace_clk_init          0x1fffbf09    0x16  Code  Gb  sysinit.o [1]
video                   0x1fffc504  0x2260  Data  Gb  main.o [1]
wdog_disable            0x1fffc1f9    0x16  Code  Gb  wdog.o [1]
wdog_unlock             0x1fffc211    0x16  Code  Gb  wdog.o [1]
write_vtor              0x1fffbaed     0x6  Code  Gb  common.o [1]
xie_shizi               0x1fff6055   0xc7a  Code  Gb  main.o [1]
xie_shizi_flag_1        0x1fffeb24     0x2  Data  Gb  main.o [1]
xie_shizi_flag_2        0x1fffeb26     0x2  Data  Gb  main.o [1]
xie_shizi_flag_3        0x1fffeb28     0x2  Data  Gb  main.o [1]
xu1                     0x1fffeb3b     0x1  Data  Gb  main.o [1]
xu2                     0x1fffeb3c     0x1  Data  Gb  main.o [1]
xu3                     0x1fffeb3d     0x1  Data  Gb  main.o [1]
xu4                     0x1fffeb3e     0x1  Data  Gb  main.o [1]
xu_xian2                0x1fffeb3a     0x1  Data  Gb  main.o [1]
xu_xian_bu              0x1fff5901   0x146  Code  Gb  main.o [1]
xu_xian_cai             0x1fff5a49   0x5e8  Code  Gb  main.o [1]
xu_xian_find            0x1fff1fb1   0x1cc  Code  Gb  main.o [1]


[1] = C:\Users\Administrator\Desktop\0602\bin\Ram\Obj
[2] = command line
[3] = dl7M_tln.a
[4] = rt7M_tl.a
[5] = shb_l.a

  48 018 bytes of readonly  code memory
      76 bytes of readwrite code memory
   2 194 bytes of readonly  data memory
   9 942 bytes of readwrite data memory

Errors: none
Warnings: none
