###############################################################################
#                                                                             #
# IAR ELF Linker V6.30.1.53127/W32 for ARM              19/Dec/2012  16:50:06 #
# Copyright 2007-2011 IAR Systems AB.                                         #
#                                                                             #
#    Output file  =  D:\IAR_workapace\new_car_B\test\2012.12.17\bin\Flash\Exe #
#                    \LQ_DMAov7620.out                                        #
#    Map file     =  D:\IAR_workapace\new_car_B\test\2012.12.17\bin\Flash\Lis #
#                    t\LQ_DMAov7620.map                                       #
#    Command line =  D:\IAR_workapace\new_car_B\test\2012.12.17\bin\Flash\Obj #
#                    \common.o D:\IAR_workapace\new_car_B\test\2012.12.17\bin #
#                    \Flash\Obj\crt0.o D:\IAR_workapace\new_car_B\test\2012.1 #
#                    2.17\bin\Flash\Obj\gpio.o D:\IAR_workapace\new_car_B\tes #
#                    t\2012.12.17\bin\Flash\Obj\isr.o                         #
#                    D:\IAR_workapace\new_car_B\test\2012.12.17\bin\Flash\Obj #
#                    \light.o D:\IAR_workapace\new_car_B\test\2012.12.17\bin\ #
#                    Flash\Obj\main.o D:\IAR_workapace\new_car_B\test\2012.12 #
#                    .17\bin\Flash\Obj\start.o D:\IAR_workapace\new_car_B\tes #
#                    t\2012.12.17\bin\Flash\Obj\sysinit.o                     #
#                    D:\IAR_workapace\new_car_B\test\2012.12.17\bin\Flash\Obj #
#                    \uart.o D:\IAR_workapace\new_car_B\test\2012.12.17\bin\F #
#                    lash\Obj\vectors.o D:\IAR_workapace\new_car_B\test\2012. #
#                    12.17\bin\Flash\Obj\wdog.o --redirect                    #
#                    _Printf=_PrintfFull --redirect _Scanf=_ScanfFull -o      #
#                    D:\IAR_workapace\new_car_B\test\2012.12.17\bin\Flash\Exe #
#                    \LQ_DMAov7620.out --map D:\IAR_workapace\new_car_B\test\ #
#                    2012.12.17\bin\Flash\List\LQ_DMAov7620.map --config      #
#                    D:\IAR_workapace\new_car_B\test\2012.12.17\src\Project_S #
#                    ettings\Link\Pflash.icf --semihosting --entry            #
#                    __iar_program_start --vfe                                #
#                                                                             #
#                                                                             #
###############################################################################

*******************************************************************************
*** RUNTIME MODEL ATTRIBUTES
***

CppFlavor       = *
__SystemLibrary = DLib


*******************************************************************************
*** PLACEMENT SUMMARY
***

"A1":  place at 0x00000000 { ro section .intvec };
"A2":  place at 0x00000410 { ro section .noinit };
"P1":  place in [from 0x00000000 to 0x00080000] { ro, block CodeRelocate };
"P2":  place in [from 0x1fff0410 to 0x20010000] {
          rw, block CodeRelocateRam, block CSTACK, block HEAP };

  Section              Kind        Address    Size  Object
  -------              ----        -------    ----  ------
"A1":                                        0x410
  .intvec              const    0x00000000   0x410  vectors.o [1]
                              - 0x00000410   0x410

"A2":                                         0x3c
  .noinit              ro code  0x00000410    0x3c  crt0.o [1]
                              - 0x0000044c    0x3c

"P1":                                       0x6b38
  .text                ro code  0x0000044c  0x6438  main.o [1]
  .text                ro code  0x00006884    0xce  gpio.o [1]
  .text                ro code  0x00006952    0x22  zero_init3.o [4]
  .text                ro code  0x00006974     0x6  ABImemclr4.o [4]
  .text                ro code  0x0000697a     0x2  vectors.o [1]
  .text                ro code  0x0000697c   0x118  common.o [1]
  .text                ro code  0x00006a94     0x8  light.o [1]
  .text                ro code  0x00006a9c     0xa  uart.o [1]
  .text                ro code  0x00006aa8    0x32  ABImemset48.o [4]
  Veneer               ro code  0x00006adc     0x8  - Linker created -
  .text                ro code  0x00006ae4   0x1ac  sysinit.o [1]
  .rodata              const    0x00006c90    0xdc  main.o [1]
  .text                ro code  0x00006d6c    0xb0  start.o [1]
  .text                ro code  0x00006e1c    0x38  wdog.o [1]
  .data_init                    0x00006e54    0x5c  <Block>
    Initializer bytes  ro data  0x00006e54    0x5c  <for .data-1>
  CodeRelocate                  0x00006eb0    0x4c  <Block>
    Initializer bytes  ro data  0x00006eb0    0x4c  <for CodeRelocateRam-1>
  .text                ro code  0x00006efc    0x2c  data_init3.o [4]
  .iar.init_table      const    0x00006f28    0x10  - Linker created -
  .text                ro code  0x00006f38    0x16  cmain.o [4]
  .text                ro code  0x00006f4e     0x4  low_level_init.o [3]
  .text                ro code  0x00006f52     0x4  exit.o [3]
  .text                ro code  0x00006f58     0xa  cexit.o [4]
  .text                ro code  0x00006f64    0x14  exit.o [5]
  .text                ro code  0x00006f78     0xc  cstartup_M.o [4]
  .rodata              const    0x00006f84     0x0  bwt_init3c.o [4]
                              - 0x00006f84  0x6b38

"P2", part 1 of 2:                            0xa8
  .data                         0x1fff0410    0x5c  <Block>
    .data-1                     0x1fff0410    0x59  <Init block>
      .data            inited   0x1fff0410    0x10  main.o [1]
      .data            inited   0x1fff0420     0x1  main.o [1]
      .data            inited   0x1fff0424    0x14  main.o [1]
      .data            inited   0x1fff0438     0x1  main.o [1]
      .data            inited   0x1fff0439     0x1  main.o [1]
      .data            inited   0x1fff043a     0x1  main.o [1]
      .data            inited   0x1fff043b     0x1  main.o [1]
      .data            inited   0x1fff043c     0x1  main.o [1]
      .data            inited   0x1fff043d     0x1  main.o [1]
      .data            inited   0x1fff043e     0x1  main.o [1]
      .data            inited   0x1fff043f     0x1  main.o [1]
      .data            inited   0x1fff0440     0x1  main.o [1]
      .data            inited   0x1fff0441     0x1  main.o [1]
      .data            inited   0x1fff0442     0x1  main.o [1]
      .data            inited   0x1fff0443     0x1  main.o [1]
      .data            inited   0x1fff0444     0x1  main.o [1]
      .data            inited   0x1fff0445     0x1  main.o [1]
      .data            inited   0x1fff0446     0x1  main.o [1]
      .data            inited   0x1fff0447     0x1  main.o [1]
      .data            inited   0x1fff0448     0x1  main.o [1]
      .data            inited   0x1fff0449     0x1  main.o [1]
      .data            inited   0x1fff044a     0x1  main.o [1]
      .data            inited   0x1fff044b     0x1  main.o [1]
      .data            inited   0x1fff044c     0x1  main.o [1]
      .data            inited   0x1fff044d     0x1  main.o [1]
      .data            inited   0x1fff044e     0x1  main.o [1]
      .data            inited   0x1fff044f     0x1  main.o [1]
      .data            inited   0x1fff0450     0x1  main.o [1]
      .data            inited   0x1fff0451     0x1  main.o [1]
      .data            inited   0x1fff0452     0x1  main.o [1]
      .data            inited   0x1fff0453     0x1  main.o [1]
      .data            inited   0x1fff0454     0x1  main.o [1]
      .data            inited   0x1fff0455     0x1  main.o [1]
      .data            inited   0x1fff0456     0x1  main.o [1]
      .data            inited   0x1fff0457     0x1  main.o [1]
      .data            inited   0x1fff0458     0x1  main.o [1]
      .data            inited   0x1fff0459     0x1  main.o [1]
      .data            inited   0x1fff045a     0x1  main.o [1]
      .data            inited   0x1fff045b     0x1  main.o [1]
      .data            inited   0x1fff045c     0x1  main.o [1]
      .data            inited   0x1fff045d     0x1  main.o [1]
      .data            inited   0x1fff045e     0x1  main.o [1]
      .data            inited   0x1fff045f     0x1  main.o [1]
      .data            inited   0x1fff0460     0x1  main.o [1]
      .data            inited   0x1fff0461     0x1  main.o [1]
      .data            inited   0x1fff0462     0x1  main.o [1]
      .data            inited   0x1fff0463     0x1  main.o [1]
      .data            inited   0x1fff0464     0x1  main.o [1]
      .data            inited   0x1fff0465     0x1  main.o [1]
      .data            inited   0x1fff0466     0x1  main.o [1]
      .data            inited   0x1fff0467     0x1  main.o [1]
      .data            inited   0x1fff0468     0x1  main.o [1]
  CodeRelocateRam               0x1fff046c    0x4c  <Block>
    CodeRelocateRam-1           0x1fff046c    0x4c  <Init block>
      .textrw          inited   0x1fff046c    0x4c  sysinit.o [1]
                              - 0x1fff04b8    0xa8

"P2", part 2 of 2:                          0x25c6
  .bss                          0x1fff04b8  0x25c6  <Block>
    .bss               zero     0x1fff04b8    0x44  main.o [1]
    .bss               zero     0x1fff04fc     0x8  main.o [1]
    .bss               zero     0x1fff0504     0x4  main.o [1]
    .bss               zero     0x1fff0508  0x2260  main.o [1]
    .bss               zero     0x1fff2768    0x70  main.o [1]
    .bss               zero     0x1fff27d8    0x70  main.o [1]
    .bss               zero     0x1fff2848    0x38  main.o [1]
    .bss               zero     0x1fff2880    0x38  main.o [1]
    .bss               zero     0x1fff28b8    0x70  main.o [1]
    .bss               zero     0x1fff2928    0x70  main.o [1]
    .bss               zero     0x1fff2998     0x4  main.o [1]
    .bss               zero     0x1fff299c    0x38  main.o [1]
    .bss               zero     0x1fff29d4     0x8  main.o [1]
    .bss               zero     0x1fff29dc     0x8  main.o [1]
    .bss               zero     0x1fff29e4     0x4  main.o [1]
    .bss               zero     0x1fff29e8     0x4  main.o [1]
    .bss               zero     0x1fff29ec    0x3c  main.o [1]
    .bss               zero     0x1fff2a28     0x4  sysinit.o [1]
    .bss               zero     0x1fff2a2c     0x4  sysinit.o [1]
    .bss               zero     0x1fff2a30     0x4  sysinit.o [1]
    .bss               zero     0x1fff2a34     0x2  main.o [1]
    .bss               zero     0x1fff2a36     0x2  main.o [1]
    .bss               zero     0x1fff2a38     0x2  main.o [1]
    .bss               zero     0x1fff2a3a     0x2  main.o [1]
    .bss               zero     0x1fff2a3c     0x2  main.o [1]
    .bss               zero     0x1fff2a3e     0x2  main.o [1]
    .bss               zero     0x1fff2a40     0x2  main.o [1]
    .bss               zero     0x1fff2a42     0x2  main.o [1]
    .bss               zero     0x1fff2a44     0x2  main.o [1]
    .bss               zero     0x1fff2a46     0x2  main.o [1]
    .bss               zero     0x1fff2a48     0x2  main.o [1]
    .bss               zero     0x1fff2a4a     0x2  main.o [1]
    .bss               zero     0x1fff2a4c     0x2  main.o [1]
    .bss               zero     0x1fff2a4e     0x2  main.o [1]
    .bss               zero     0x1fff2a50     0x2  main.o [1]
    .bss               zero     0x1fff2a52     0x2  main.o [1]
    .bss               zero     0x1fff2a54     0x2  main.o [1]
    .bss               zero     0x1fff2a56     0x2  main.o [1]
    .bss               zero     0x1fff2a58     0x2  main.o [1]
    .bss               zero     0x1fff2a5a     0x2  main.o [1]
    .bss               zero     0x1fff2a5c     0x2  main.o [1]
    .bss               zero     0x1fff2a5e     0x2  main.o [1]
    .bss               zero     0x1fff2a60     0x2  main.o [1]
    .bss               zero     0x1fff2a62     0x2  main.o [1]
    .bss               zero     0x1fff2a64     0x2  main.o [1]
    .bss               zero     0x1fff2a66     0x2  main.o [1]
    .bss               zero     0x1fff2a68     0x2  main.o [1]
    .bss               zero     0x1fff2a6a     0x2  main.o [1]
    .bss               zero     0x1fff2a6c     0x2  main.o [1]
    .bss               zero     0x1fff2a6e     0x2  main.o [1]
    .bss               zero     0x1fff2a70     0x1  main.o [1]
    .bss               zero     0x1fff2a71     0x1  main.o [1]
    .bss               zero     0x1fff2a72     0x1  main.o [1]
    .bss               zero     0x1fff2a73     0x1  main.o [1]
    .bss               zero     0x1fff2a74     0x1  main.o [1]
    .bss               zero     0x1fff2a75     0x1  main.o [1]
    .bss               zero     0x1fff2a76     0x1  main.o [1]
    .bss               zero     0x1fff2a77     0x1  main.o [1]
    .bss               zero     0x1fff2a78     0x1  main.o [1]
    .bss               zero     0x1fff2a79     0x1  main.o [1]
    .bss               zero     0x1fff2a7a     0x1  main.o [1]
    .bss               zero     0x1fff2a7b     0x1  main.o [1]
    .bss               zero     0x1fff2a7c     0x1  main.o [1]
    .bss               zero     0x1fff2a7d     0x1  main.o [1]
                              - 0x1fff2a7e  0x25c6


*******************************************************************************
*** INIT TABLE
***

          Address     Size
          -------     ----
Zero (__iar_zero_init3)
    1 destination range, total size 0x25c6:
          0x1fff04b8  0x25c6



*******************************************************************************
*** MODULE SUMMARY
***

    Module            ro code  rw code  ro data  rw data
    ------            -------  -------  -------  -------
D:\IAR_workapace\new_car_B\test\2012.12.17\bin\Flash\Obj: [1]
    common.o              280
    crt0.o                 60
    gpio.o                206
    light.o                 8
    main.o             25 656               309    9 744
    start.o               176
    sysinit.o             428       76       76       12
    uart.o                 10
    vectors.o               2             1 040
    wdog.o                 56
    ----------------------------------------------------
    Total:             26 882       76    1 425    9 756

command line: [2]
    ----------------------------------------------------
    Total:

dl7M_tln.a: [3]
    exit.o                  4
    low_level_init.o        4
    ----------------------------------------------------
    Total:                  8

rt7M_tl.a: [4]
    ABImemclr4.o            6
    ABImemset48.o          50
    bwt_init3c.o
    cexit.o                10
    cmain.o                22
    cstartup_M.o           12
    data_init3.o           44
    zero_init3.o           34
    ----------------------------------------------------
    Total:                178

shb_l.a: [5]
    exit.o                 20
    ----------------------------------------------------
    Total:                 20

    Gaps                    8                          6
    Linker created          8                19
--------------------------------------------------------
    Grand Total:       27 104       76    1 444    9 762


*******************************************************************************
*** ENTRY LIST
***

Entry                      Address    Size  Type      Object
-----                      -------    ----  ----      ------
.bss$$Base              0x1fff04b8           --   Gb  - Linker created -
.bss$$Limit             0x1fff2a7e           --   Gb  - Linker created -
.data$$Base             0x1fff0410           --   Gb  - Linker created -
.data$$Limit            0x1fff046c           --   Gb  - Linker created -
.data_init$$Base        0x00006e54           --   Gb  - Linker created -
.data_init$$Limit       0x00006eb0           --   Gb  - Linker created -
?main                   0x00006f39          Code  Gb  cmain.o [4]
BigBend_PD_13           0x000013a9   0x14c  Code  Gb  main.o [1]
CH451_GetKeyValue       0x000004a3    0xcc  Code  Gb  main.o [1]
CH451_WriteCommand      0x0000044d    0x56  Code  Gb  main.o [1]
CH451_ini               0x0000056f    0x38  Code  Gb  main.o [1]
CodeRelocate$$Base      0x00006eb0           --   Gb  - Linker created -
CodeRelocate$$Limit     0x00006efc           --   Gb  - Linker created -
CodeRelocateRam$$Base   0x1fff046c           --   Gb  - Linker created -
CodeRelocateRam$$Limit  0x1fff04b8           --   Gb  - Linker created -
DMA0_Init               0x00001f75    0xa6  Code  Gb  main.o [1]
DMA_CHO_ISR             0x000020e9    0x32  Code  Gb  main.o [1]
D_BigBend_13            0x1fff045e     0x1  Data  Gb  main.o [1]
D_LineBend_10           0x1fff0456     0x1  Data  Gb  main.o [1]
D_LineBend_12           0x1fff045a     0x1  Data  Gb  main.o [1]
D_Line_9                0x1fff0466     0x1  Data  Gb  main.o [1]
D_SBend_14              0x1fff0462     0x1  Data  Gb  main.o [1]
D_SuperBend_0           0x1fff043a     0x1  Data  Gb  main.o [1]
D_SuperBend_1           0x1fff043e     0x1  Data  Gb  main.o [1]
D_XBend_2               0x1fff0442     0x1  Data  Gb  main.o [1]
D_XBend_4               0x1fff0446     0x1  Data  Gb  main.o [1]
D_XBend_5               0x1fff044a     0x1  Data  Gb  main.o [1]
D_XBend_6               0x1fff044e     0x1  Data  Gb  main.o [1]
D_XBend_8               0x1fff0452     0x1  Data  Gb  main.o [1]
Duo_Ji_PD               0x000017a9   0x24e  Code  Gb  main.o [1]
FTM2_QUAD_Init          0x00001d59    0xa0  Code  Gb  main.o [1]
GetKeyValue             0x1fff2a70     0x1  Data  Gb  main.o [1]
H_BigBend_13            0x1fff045f     0x1  Data  Gb  main.o [1]
H_LineBend_10           0x1fff0457     0x1  Data  Gb  main.o [1]
H_LineBend_12           0x1fff045b     0x1  Data  Gb  main.o [1]
H_Line_9                0x1fff0467     0x1  Data  Gb  main.o [1]
H_SBend_14              0x1fff0463     0x1  Data  Gb  main.o [1]
H_SuperBend_0           0x1fff043b     0x1  Data  Gb  main.o [1]
H_SuperBend_1           0x1fff043f     0x1  Data  Gb  main.o [1]
H_XBend_2               0x1fff0443     0x1  Data  Gb  main.o [1]
H_XBend_4               0x1fff0447     0x1  Data  Gb  main.o [1]
H_XBend_5               0x1fff044b     0x1  Data  Gb  main.o [1]
H_XBend_6               0x1fff044f     0x1  Data  Gb  main.o [1]
H_XBend_8               0x1fff0453     0x1  Data  Gb  main.o [1]
IO_Init                 0x00001e01    0xcc  Code  Gb  main.o [1]
JIANPAN_ini             0x000005a7    0x64  Code  Gb  main.o [1]
Judge_Locus             0x000030db   0x584  Code  Gb  main.o [1]
KeyCode                 0x1fff0410    0x10  Data  Gb  main.o [1]
KeyValue                0x1fff0420     0x1  Data  Gb  main.o [1]
LineBend_PD_10          0x0000111d   0x130  Code  Gb  main.o [1]
LineBend_PD_12          0x00001259   0x130  Code  Gb  main.o [1]
Line_PD_9               0x00001651   0x14c  Code  Gb  main.o [1]
Motor                   0x1fff29dc     0x8  Data  Gb  main.o [1]
Motor_control           0x000038d1    0xb0  Code  Gb  main.o [1]
P_BigBend_13            0x1fff045d     0x1  Data  Gb  main.o [1]
P_LineBend_10           0x1fff0455     0x1  Data  Gb  main.o [1]
P_LineBend_12           0x1fff0459     0x1  Data  Gb  main.o [1]
P_Line_9                0x1fff0465     0x1  Data  Gb  main.o [1]
P_SBend_14              0x1fff0461     0x1  Data  Gb  main.o [1]
P_SuperBend_0           0x1fff0439     0x1  Data  Gb  main.o [1]
P_SuperBend_1           0x1fff043d     0x1  Data  Gb  main.o [1]
P_XBend_2               0x1fff0441     0x1  Data  Gb  main.o [1]
P_XBend_4               0x1fff0445     0x1  Data  Gb  main.o [1]
P_XBend_5               0x1fff0449     0x1  Data  Gb  main.o [1]
P_XBend_6               0x1fff044d     0x1  Data  Gb  main.o [1]
P_XBend_8               0x1fff0451     0x1  Data  Gb  main.o [1]
Region$$Table$$Base     0x00006f28           --   Gb  - Linker created -
Region$$Table$$Limit    0x00006f38           --   Gb  - Linker created -
SBend_PD_14             0x000014fd   0x14c  Code  Gb  main.o [1]
Servo                   0x1fff29d4     0x8  Data  Gb  main.o [1]
Servo_value             0x1fff2a52     0x2  Data  Gb  main.o [1]
Set_Direction           0x0000365f   0x186  Code  Gb  main.o [1]
SuperBend_PD_0          0x0000082d   0x14c  Code  Gb  main.o [1]
SuperBend_PD_1          0x00000979   0x14c  Code  Gb  main.o [1]
T_BigBend_13            0x1fff0460     0x1  Data  Gb  main.o [1]
T_LineBend_10           0x1fff0458     0x1  Data  Gb  main.o [1]
T_LineBend_12           0x1fff045c     0x1  Data  Gb  main.o [1]
T_Line_9                0x1fff0468     0x1  Data  Gb  main.o [1]
T_P1                    0x1fff2a76     0x1  Data  Gb  main.o [1]
T_P2                    0x1fff2a77     0x1  Data  Gb  main.o [1]
T_P4                    0x1fff2a75     0x1  Data  Gb  main.o [1]
T_SBend_14              0x1fff0464     0x1  Data  Gb  main.o [1]
T_SuperBend_0           0x1fff043c     0x1  Data  Gb  main.o [1]
T_SuperBend_1           0x1fff0440     0x1  Data  Gb  main.o [1]
T_XBend_2               0x1fff0444     0x1  Data  Gb  main.o [1]
T_XBend_4               0x1fff0448     0x1  Data  Gb  main.o [1]
T_XBend_5               0x1fff044c     0x1  Data  Gb  main.o [1]
T_XBend_6               0x1fff0450     0x1  Data  Gb  main.o [1]
T_XBend_8               0x1fff0454     0x1  Data  Gb  main.o [1]
UART0_Init              0x00001edd    0x98  Code  Gb  main.o [1]
XBend_PD_2              0x00000ac5   0x14c  Code  Gb  main.o [1]
XBend_PD_4              0x00000c11   0x14c  Code  Gb  main.o [1]
XBend_PD_5              0x00000d5d   0x13c  Code  Gb  main.o [1]
XBend_PD_6              0x00000e99   0x130  Code  Gb  main.o [1]
XBend_PD_8              0x00000fe5   0x130  Code  Gb  main.o [1]
__BOOT_STACK_ADDRESS {Abs}
                        0x2000fff8           --   Gb  command line/config [2]
__VECTOR_RAM {Abs}      0x1fff0000           --   Gb  command line/config [2]
__VECTOR_TABLE {Abs}    0x00000000           --   Gb  command line/config [2]
__aeabi_memclr4         0x00006975          Code  Gb  ABImemclr4.o [4]
__cmain                 0x00006f39          Code  Gb  cmain.o [4]
__exit                  0x00006f65    0x14  Code  Gb  exit.o [5]
__iar_Memset4_word      0x00006aa9          Code  Gb  ABImemset48.o [4]
__iar_Memset8_word      0x00006aa9          Code  Gb  ABImemset48.o [4]
__iar_SB                0x00006f84          Data  Gb  bwt_init3c.o [4]
__iar_data_init3        0x00006efd    0x2c  Code  Gb  data_init3.o [4]
__iar_program_start     0x00006f79          Code  Gb  cstartup_M.o [4]
__iar_zero_init3        0x00006953    0x22  Code  Gb  zero_init3.o [4]
__low_level_init        0x00006f4f     0x4  Code  Gb  low_level_init.o [3]
__startup               0x00000411          Code  Gb  crt0.o [1]
__vector_table          0x00000000   0x410  Data  Gb  vectors.o [1]
_call_main              0x00006f45          Code  Gb  cmain.o [4]
_exit                   0x00006f59          Code  Gb  cexit.o [4]
_main                   0x00006f4b          Code  Gb  cmain.o [4]
abs                     0x000022f1    0x12  Code  Gb  main.o [1]
b1fen                   0x1fff28b8    0x70  Data  Gb  main.o [1]
b2fen                   0x1fff2928    0x70  Data  Gb  main.o [1]
bianma                  0x1fff0424    0x14  Data  Gb  main.o [1]
bianyan                 0x1fff2768    0x70  Data  Gb  main.o [1]
bianyan2                0x1fff27d8    0x70  Data  Gb  main.o [1]
bitdata                 0x1fff04b8    0x44  Data  Gb  main.o [1]
bitnum                  0x1fff2a38     0x2  Data  Gb  main.o [1]
black_max               0x1fff0438     0x1  Data  Gb  main.o [1]
center                  0x1fff2848    0x38  Data  Gb  main.o [1]
common_startup          0x00006d81    0x74  Code  Gb  start.o [1]
core_clk_khz            0x1fff2a28     0x4  Data  Gb  sysinit.o [1]
core_clk_mhz            0x1fff2a2c     0x4  Data  Gb  sysinit.o [1]
data                    0x1fff04fc     0x8  Data  Gb  main.o [1]
data_deal               0x0000075d    0x54  Code  Gb  main.o [1]
data_table              0x00006c90    0xdc  Data  Gb  main.o [1]
deal_flag               0x1fff2a3c     0x2  Data  Gb  main.o [1]
default_isr             0x0000697b     0x2  Code  Gb  vectors.o [1]
delays                  0x000022bd    0x34  Code  Gb  main.o [1]
disable_irq             0x00006a13    0x5a  Code  Gb  common.o [1]
enable_irq              0x00006983    0x90  Code  Gb  common.o [1]
enable_pit_interrupt    0x00002099    0x50  Code  Gb  main.o [1]
endline                 0x1fff2a72     0x1  Data  Gb  main.o [1]
endline_F               0x1fff2a74     0x1  Data  Gb  main.o [1]
exit                    0x00006f53     0x4  Code  Gb  exit.o [3]
fb_clk_init             0x00006b43    0x16  Code  Gb  sysinit.o [1]
find_bianyan            0x00004c99  0x17ee  Code  Gb  main.o [1]
finish                  0x1fff2a78     0x1  Data  Gb  main.o [1]
get_irkey               0x0000070b    0x52  Code  Gb  main.o [1]
gpio_Get                0x00006949     0xa  Code  Gb  gpio.o [1]
gpio_ctrl               0x00006919    0x22  Code  Gb  gpio.o [1]
gpio_init               0x00006885    0x7a  Code  Gb  gpio.o [1]
gpio_reverse            0x0000693b     0xe  Code  Gb  gpio.o [1]
high                    0x1fff2a46     0x2  Data  Gb  main.o [1]
high_now                0x1fff2a58     0x2  Data  Gb  main.o [1]
high_old                0x1fff2a4e     0x2  Data  Gb  main.o [1]
hw_FTM0_init            0x00001bdd   0x17c  Code  Gb  main.o [1]
hw_FTM1_init            0x00001ad5    0xfa  Code  Gb  main.o [1]
hw_pit_init             0x00002025    0x74  Code  Gb  main.o [1]
imagerow                0x1fff2998     0x4  Data  Gb  main.o [1]
ir_deal                 0x000007b1    0x7c  Code  Gb  main.o [1]
irkey                   0x1fff2a3e     0x2  Data  Gb  main.o [1]
judage_xuxian           0x00004ba1    0xbe  Code  Gb  main.o [1]
light_change            0x00006a95     0x8  Code  Gb  light.o [1]
limit                   0x00002303    0x18  Code  Gb  main.o [1]
line                    0x00003033    0x6e  Code  Gb  main.o [1]
low                     0x1fff2a42     0x2  Data  Gb  main.o [1]
low_now                 0x1fff2a54     0x2  Data  Gb  main.o [1]
low_old                 0x1fff2a4a     0x2  Data  Gb  main.o [1]
main                    0x00006491   0x3ac  Code  Gb  main.o [1]
max                     0x0000231b    0x12  Code  Gb  main.o [1]
mid                     0x1fff2a44     0x2  Data  Gb  main.o [1]
mid_now                 0x1fff2a56     0x2  Data  Gb  main.o [1]
mid_old                 0x1fff2a4c     0x2  Data  Gb  main.o [1]
min                     0x0000232d    0x12  Code  Gb  main.o [1]
motor_fuzzy             0x00002609   0x51a  Code  Gb  main.o [1]
periph_clk_khz          0x1fff2a30     0x4  Data  Gb  sysinit.o [1]
pit0_isr                0x0000221f    0x80  Code  Gb  main.o [1]
pit1_isr                0x000021cf    0x28  Code  Gb  main.o [1]
pll_init                0x00006b59    0xf6  Code  Gb  sysinit.o [1]
pllinit180M             0x000019fd    0xce  Code  Gb  main.o [1]
porta_isr               0x0000211d    0x38  Code  Gb  main.o [1]
portb_isr               0x00002159    0x76  Code  Gb  main.o [1]
portc_isr               0x000021f9    0x26  Code  Gb  main.o [1]
position_now            0x1fff2a50     0x2  Data  Gb  main.o [1]
print_d                 0x0000060b    0x40  Code  Gb  main.o [1]
print_d1                0x0000064b    0x40  Code  Gb  main.o [1]
print_t                 0x0000068b    0x40  Code  Gb  main.o [1]
print_t1                0x000006cb    0x40  Code  Gb  main.o [1]
pulse                   0x1fff2a40     0x2  Data  Gb  main.o [1]
quan_bai                0x1fff2880    0x38  Data  Gb  main.o [1]
receive_flag            0x1fff2a3a     0x2  Data  Gb  main.o [1]
row                     0x1fff0504     0x4  Data  Gb  main.o [1]
row_F                   0x1fff299c    0x38  Data  Gb  main.o [1]
s_old                   0x1fff2a66     0x2  Data  Gb  main.o [1]
servo                   0x1fff29e4     0x4  Data  Gb  main.o [1]
set_speed               0x0000233f    0x44  Code  Gb  main.o [1]
set_sys_dividers        0x1fff046d    0x4c  Code  Gb  sysinit.o [1]
speed_b                 0x1fff2a5c     0x2  Data  Gb  main.o [1]
speed_control           0x000037e5    0xe2  Code  Gb  main.o [1]
speed_fuzzy             0x00002b99   0x49a  Code  Gb  main.o [1]
speed_m                 0x1fff2a5e     0x2  Data  Gb  main.o [1]
speed_ms                0x1fff2a62     0x2  Data  Gb  main.o [1]
speed_now               0x1fff2a64     0x2  Data  Gb  main.o [1]
speed_s                 0x1fff2a60     0x2  Data  Gb  main.o [1]
speed_top               0x1fff2a5a     0x2  Data  Gb  main.o [1]
stages3                 0x000030a9    0x32  Code  Gb  main.o [1]
start                   0x00006d6d    0x14  Code  Gb  start.o [1]
startflag               0x1fff2a36     0x2  Data  Gb  main.o [1]
startline               0x1fff2a71     0x1  Data  Gb  main.o [1]
startline_F             0x1fff2a73     0x1  Data  Gb  main.o [1]
sub                     0x1fff29e8     0x4  Data  Gb  main.o [1]
sub_e                   0x00002419   0x108  Code  Gb  main.o [1]
subjection_k            0x00002395    0x28  Code  Gb  main.o [1]
sysinit                 0x00006ae5    0x48  Code  Gb  sysinit.o [1]
timer                   0x1fff2a34     0x2  Data  Gb  main.o [1]
topline                 0x1fff2a48     0x2  Data  Gb  main.o [1]
trace_clk_init          0x00006b2d    0x16  Code  Gb  sysinit.o [1]
uart_send1              0x00006a9d     0xa  Code  Gb  uart.o [1]
video                   0x1fff0508  0x2260  Data  Gb  main.o [1]
wdog_disable            0x00006e1d    0x16  Code  Gb  wdog.o [1]
wdog_unlock             0x00006e35    0x16  Code  Gb  wdog.o [1]
write_vtor              0x0000697d     0x6  Code  Gb  common.o [1]
xu1                     0x1fff2a7a     0x1  Data  Gb  main.o [1]
xu2                     0x1fff2a7b     0x1  Data  Gb  main.o [1]
xu3                     0x1fff2a7c     0x1  Data  Gb  main.o [1]
xu4                     0x1fff2a7d     0x1  Data  Gb  main.o [1]
xu_xian2                0x1fff2a79     0x1  Data  Gb  main.o [1]
xu_xian_bu_3            0x00003985   0x19c  Code  Gb  main.o [1]
xu_xian_cai             0x000043c9   0x7d8  Code  Gb  main.o [1]
xu_xian_cai_2           0x00003c19   0x768  Code  Gb  main.o [1]


[1] = D:\IAR_workapace\new_car_B\test\2012.12.17\bin\Flash\Obj
[2] = command line
[3] = dl7M_tln.a
[4] = rt7M_tl.a
[5] = shb_l.a

  27 104 bytes of readonly  code memory
      76 bytes of readwrite code memory
   1 444 bytes of readonly  data memory
   9 762 bytes of readwrite data memory

Errors: none
Warnings: none
